[INFO] Scanning for projects...
[INFO] 
[INFO] ------------------------< com.horizonix:nboard >------------------------
[INFO] Building nboard 0.0.1-SNAPSHOT
[INFO]   from pom.xml
[INFO] --------------------------------[ jar ]---------------------------------
[INFO] 
[INFO] --- resources:3.3.1:resources (default-resources) @ nboard ---
[INFO] Copying 1 resource from src/main/resources to target/classes
[INFO] Copying 48 resources from src/main/resources to target/classes
[INFO] 
[INFO] --- compiler:3.11.0:compile (default-compile) @ nboard ---
[INFO] Changes detected - recompiling the module! :source
[INFO] Compiling 33 source files with javac [forked debug release 17] to target/classes
[WARNING] Unable to autodetect 'javac' path, using 'javac' from the environment.
[INFO] 
[INFO] --- resources:3.3.1:testResources (default-testResources) @ nboard ---
[INFO] skip non existing resourceDirectory /home/eptheekshana/Downloads/Nboard/src/test/resources
[INFO] 
[INFO] --- compiler:3.11.0:testCompile (default-testCompile) @ nboard ---
[INFO] Changes detected - recompiling the module! :dependency
[INFO] Compiling 1 source file with javac [forked debug release 17] to target/test-classes
[WARNING] Unable to autodetect 'javac' path, using 'javac' from the environment.
[INFO] 
[INFO] --- surefire:3.1.2:test (default-test) @ nboard ---
[INFO] Using auto detected provider org.apache.maven.surefire.junitplatform.JUnitPlatformProvider
[INFO] 
[INFO] -------------------------------------------------------
[INFO]  T E S T S
[INFO] -------------------------------------------------------
[INFO] Running com.horizonix.nboard.NboardApplicationTests
15:23:18.873 [main] INFO org.springframework.test.context.support.AnnotationConfigContextLoaderUtils -- Could not detect default configuration classes for test class [com.horizonix.nboard.NboardApplicationTests]: NboardApplicationTests does not declare any static, non-private, non-final, nested classes annotated with @Configuration.
15:23:19.059 [main] INFO org.springframework.boot.test.context.SpringBootTestContextBootstrapper -- Found @SpringBootConfiguration com.horizonix.nboard.NboardApplication for test class com.horizonix.nboard.NboardApplicationTests
15:23:19.391 [main] INFO org.springframework.boot.devtools.restart.RestartApplicationListener -- Restart disabled due to context in which it is running

  .   ____          _            __ _ _
 /\\ / ___'_ __ _ _(_)_ __  __ _ \ \ \ \
( ( )\___ | '_ | '_| | '_ \/ _` | \ \ \ \
 \\/  ___)| |_)| | | | | || (_| |  ) ) ) )
  '  |____| .__|_| |_|_| |_\__, | / / / /
 =========|_|==============|___/=/_/_/_/
 :: Spring Boot ::                (v3.2.2)

✓ Loaded 13 environment variables from .env file
2026-05-03T15:23:19.931+05:30  INFO 26612 --- [           main] c.h.nboard.NboardApplicationTests        : Starting NboardApplicationTests using Java 17.0.18 with PID 26612 (started by eptheekshana in /home/eptheekshana/Downloads/Nboard)
2026-05-03T15:23:19.933+05:30  INFO 26612 --- [           main] c.h.nboard.NboardApplicationTests        : No active profile set, falling back to 1 default profile: "default"
2026-05-03T15:23:21.661+05:30  INFO 26612 --- [           main] .s.d.r.c.RepositoryConfigurationDelegate : Bootstrapping Spring Data JPA repositories in DEFAULT mode.
2026-05-03T15:23:21.773+05:30  INFO 26612 --- [           main] .s.d.r.c.RepositoryConfigurationDelegate : Finished Spring Data repository scanning in 99 ms. Found 3 JPA repository interfaces.
2026-05-03T15:23:22.881+05:30  INFO 26612 --- [           main] com.zaxxer.hikari.HikariDataSource       : HikariPool-1 - Starting...
2026-05-03T15:23:24.479+05:30  INFO 26612 --- [           main] com.zaxxer.hikari.pool.HikariPool        : HikariPool-1 - Added connection com.mysql.cj.jdbc.ConnectionImpl@6812c8cc
2026-05-03T15:23:24.482+05:30  INFO 26612 --- [           main] com.zaxxer.hikari.HikariDataSource       : HikariPool-1 - Start completed.
2026-05-03T15:23:25.104+05:30  INFO 26612 --- [           main] o.hibernate.jpa.internal.util.LogHelper  : HHH000204: Processing PersistenceUnitInfo [name: default]
2026-05-03T15:23:25.214+05:30  INFO 26612 --- [           main] org.hibernate.Version                    : HHH000412: Hibernate ORM core version 6.4.1.Final
2026-05-03T15:23:25.283+05:30  INFO 26612 --- [           main] o.h.c.internal.RegionFactoryInitiator    : HHH000026: Second-level cache disabled
2026-05-03T15:23:25.727+05:30  INFO 26612 --- [           main] o.s.o.j.p.SpringPersistenceUnitInfo      : No LoadTimeWeaver setup: ignoring JPA class transformer
2026-05-03T15:23:25.991+05:30  WARN 26612 --- [           main] org.hibernate.orm.deprecation            : HHH90000025: MySQLDialect does not need to be specified explicitly using 'hibernate.dialect' (remove the property setting and it will be selected by default)
2026-05-03T15:23:28.119+05:30  INFO 26612 --- [           main] o.h.e.t.j.p.i.JtaPlatformInitiator       : HHH000489: No JTA platform available (set 'hibernate.transaction.jta.platform' to enable JTA platform integration)
2026-05-03T15:23:28.773+05:30  INFO 26612 --- [           main] j.LocalContainerEntityManagerFactoryBean : Initialized JPA EntityManagerFactory for persistence unit 'default'
2026-05-03T15:23:29.475+05:30  INFO 26612 --- [           main] com.horizonix.nboard.config.WebConfig    : Created uploads directory: /tmp/nboard/uploads
2026-05-03T15:23:30.535+05:30  WARN 26612 --- [           main] JpaBaseConfiguration$JpaWebConfiguration : spring.jpa.open-in-view is enabled by default. Therefore, database queries may be performed during view rendering. Explicitly configure spring.jpa.open-in-view to disable this warning
2026-05-03T15:23:30.682+05:30  INFO 26612 --- [           main] o.s.b.a.w.s.WelcomePageHandlerMapping    : Adding welcome page template: index
2026-05-03T15:23:30.947+05:30  INFO 26612 --- [           main] com.horizonix.nboard.config.WebConfig    : Resource handlers configured for /uploads/** endpoints
2026-05-03T15:23:31.061+05:30  INFO 26612 --- [           main] o.s.s.web.DefaultSecurityFilterChain     : Will secure any request with [org.springframework.security.web.session.DisableEncodeUrlFilter@7719b257, org.springframework.security.web.context.request.async.WebAsyncManagerIntegrationFilter@4a571516, org.springframework.security.web.context.SecurityContextHolderFilter@521032a6, org.springframework.security.web.header.HeaderWriterFilter@45c73e09, org.springframework.web.filter.CorsFilter@681302ad, org.springframework.security.web.authentication.logout.LogoutFilter@834529e, com.horizonix.nboard.security.JwtAuthenticationFilter@7959fbe3, org.springframework.security.web.authentication.UsernamePasswordAuthenticationFilter@7be95197, org.springframework.security.web.savedrequest.RequestCacheAwareFilter@24032706, org.springframework.security.web.servletapi.SecurityContextHolderAwareRequestFilter@3e455d01, org.springframework.security.web.authentication.AnonymousAuthenticationFilter@594793d1, org.springframework.security.web.session.SessionManagementFilter@306f439c, org.springframework.security.web.access.ExceptionTranslationFilter@21a14c45, org.springframework.security.web.access.intercept.AuthorizationFilter@1766b009]
2026-05-03T15:23:32.090+05:30  INFO 26612 --- [           main] c.h.nboard.NboardApplicationTests        : Started NboardApplicationTests in 12.721 seconds (process running for 14.422)
2026-05-03T15:23:32.375+05:30  INFO 26612 --- [           main] c.h.nboard.config.DataInitializer        : Admin account already exists.
OpenJDK 64-Bit Server VM warning: Sharing is only supported for boot loader classes because bootstrap classpath has been appended
[INFO] Tests run: 1, Failures: 0, Errors: 0, Skipped: 0, Time elapsed: 14.78 s -- in com.horizonix.nboard.NboardApplicationTests
[INFO] 
[INFO] Results:
[INFO] 
[INFO] Tests run: 1, Failures: 0, Errors: 0, Skipped: 0
[INFO] 
[INFO] ------------------------------------------------------------------------
[INFO] BUILD SUCCESS
[INFO] ------------------------------------------------------------------------
[INFO] Total time:  26.986 s
[INFO] Finished at: 2026-05-03T15:23:34+05:30
[INFO] ------------------------------------------------------------------------
